E/Netd    (  326): Failed to open /proc/sys/net/ipv6/conf/ip6tnl0/use_optimistic: No such file or directory
E/Netd    (  326): Failed to open /proc/sys/net/ipv6/conf/lo/use_optimistic: No such file or directory
E/Netd    (  326): Failed to open /proc/sys/net/ipv6/conf/sit0/use_optimistic: No such file or directory
E/Netd    (  326): Failed to open /proc/sys/net/ipv6/conf/tunl0/use_optimistic: No such file or directory
I/SurfaceFlinger(  327): SurfaceFlinger is starting
I/SurfaceFlinger(  327): SurfaceFlinger's main thread ready to run. Initializing graphics H/W...
E/libEGL  (  327): load_driver(/system/lib/egl/libEGL_mali.so): dlopen failed: cannot locate symbol "_ZN7android11BufferQueueC1ERKNS_2spINS_19IGraphicBufferAllocEEE" referenced by "libMali.so"...
F/libEGL  (  327): couldn't find an OpenGL ES implementation
F/libc    (  327): Fatal signal 6 (SIGABRT), code -6 in tid 327 (surfaceflinger)
I/DEBUG   (  141): property debug.db.uid not set; NOT waiting for gdb.
I/DEBUG   (  141): HINT: adb shell setprop debug.db.uid 100000
I/DEBUG   (  141): HINT: adb forward tcp:5039 tcp:5039
I/DEBUG   (  141): *** *** *** *** *** *** *** *** *** *** *** *** *** *** *** ***
I/DEBUG   (  141): Build fingerprint: 'wender/cm_alcatelc7/alcatelc7:5.1.1/LMY48G/e4054c4ea7:userdebug/test-keys'
I/DEBUG   (  141): Revision: '0'
I/DEBUG   (  141): ABI: 'arm'
I/DEBUG   (  141): pid: 327, tid: 327, name: surfaceflinger  >>> /system/bin/surfaceflinger <<<
I/DEBUG   (  141): signal 6 (SIGABRT), code -6 (SI_TKILL), fault addr --------
I/DEBUG   (  141): Abort message: 'couldn't find an OpenGL ES implementation'
I/DEBUG   (  141):     r0 00000000  r1 00000147  r2 00000006  r3 00000000
I/DEBUG   (  141):     r4 b6feee38  r5 00000006  r6 00000002  r7 0000010c
I/DEBUG   (  141):     r8 b6482000  r9 00000000  sl 00000000  fp bea09a2c
I/DEBUG   (  141):     ip 00000147  sp bea09498  lr b6f48e35  pc b6f6c480  cpsr 600d0010
I/DEBUG   (  141): 
I/DEBUG   (  141): backtrace:
I/DEBUG   (  141):     #00 pc 00038480  /system/lib/libc.so (tgkill+12)
I/DEBUG   (  141):     #01 pc 00014e31  /system/lib/libc.so (pthread_kill+52)
I/DEBUG   (  141):     #02 pc 00015b8b  /system/lib/libc.so (raise+10)
I/DEBUG   (  141):     #03 pc 00012205  /system/lib/libc.so (__libc_android_abort+36)
I/DEBUG   (  141):     #04 pc 0001003c  /system/lib/libc.so (abort+4)
I/DEBUG   (  141):     #05 pc 00007819  /system/lib/libcutils.so (__android_log_assert+88)
I/DEBUG   (  141):     #06 pc 00042fb9  /system/lib/libEGL.so
I/DEBUG   (  141):     #07 pc 00010439  /system/lib/libEGL.so
I/DEBUG   (  141):     #08 pc 00010c19  /system/lib/libEGL.so (eglGetDisplay+24)
I/DEBUG   (  141):     #09 pc 000194ff  /system/lib/libsurfaceflinger.so (android::SurfaceFlinger::init()+70)
I/DEBUG   (  141):     #10 pc 00000af1  /system/bin/surfaceflinger
I/DEBUG   (  141):     #11 pc 0000fef9  /system/lib/libc.so (__libc_init+44)
I/DEBUG   (  141):     #12 pc 00000c08  /system/bin/surfaceflinger
D/AndroidRuntime(  330): >>>>>> START com.android.internal.os.ZygoteInit uid 0 <<<<<<
I/mediaserver(  328): ServiceManager: 0xb58700c0
I/AudioFlinger(  328): Using default 3000 mSec as standby time.
I/ServiceManager(  328): Waiting for service batterystats...
D/AndroidRuntime(  330): CheckJNI is OFF
I/art     (  330): option[0]=-Xzygote
I/art     (  330): option[1]=-Xstacktracefile:/data/anr/traces.txt
I/art     (  330): option[2]=exit
I/art     (  330): option[3]=vfprintf
I/art     (  330): option[4]=sensitiveThread
I/art     (  330): option[5]=-verbose:gc
I/art     (  330): option[6]=-Xms4m
I/art     (  330): option[7]=-Xmx16m
I/art     (  330): option[8]=-XX:mainThreadStackSize=24K
I/art     (  330): option[9]=-agentlib:jdwp=transport=dt_android_adb,suspend=n,server=y
I/art     (  330): option[10]=-Xlockprofthreshold:500
I/art     (  330): option[11]=-Ximage-compiler-option
I/art     (  330): option[12]=--runtime-arg
I/art     (  330): option[13]=-Ximage-compiler-option
I/art     (  330): option[14]=-Xms64m
I/art     (  330): option[15]=-Ximage-compiler-option
I/art     (  330): option[16]=--runtime-arg
I/art     (  330): option[17]=-Ximage-compiler-option
I/art     (  330): option[18]=-Xmx64m
I/art     (  330): option[19]=-Ximage-compiler-option
I/art     (  330): option[20]=--image-classes=/system/etc/preloaded-classes
I/art     (  330): option[21]=-Xcompiler-option
I/art     (  330): option[22]=--runtime-arg
I/art     (  330): option[23]=-Xcompiler-option
I/art     (  330): option[24]=-Xms64m
I/art     (  330): option[25]=-Xcompiler-option
I/art     (  330): option[26]=--runtime-arg
I/art     (  330): option[27]=-Xcompiler-option
I/art     (  330): option[28]=-Xmx512m
I/art     (  330): option[29]=-Duser.language=en
I/art     (  330): option[30]=-Duser.region=US
I/art     (  330): Pruning dalvik-cache since we are generating an image and will need to recompile
I/art     (  330): Using an offset of 0xffcbf000 from default art base address of 0x70000000
I/art     (  330): GenerateImage: /system/bin/dex2oat --image=/data/dalvik-cache/arm/system@framework@boot.art --dex-file=/system/framework/core-libart.jar --dex-file=/system/framework/conscrypt.jar --dex-file=/system/framework/okhttp.jar --dex-file=/system/framework/core-junit.jar --dex-file=/system/framework/bouncycastle.jar --dex-file=/system/framework/ext.jar --dex-file=/system/framework/framework.jar --dex-file=/system/framework/telephony-common.jar --dex-file=/system/framework/voip-common.jar --dex-file=/system/framework/ims-common.jar --dex-file=/system/framework/mms-common.jar --dex-file=/system/framework/android.policy.jar --dex-file=/system/framework/apache-xml.jar --oat-file=/data/dalvik-cache/arm/system@framework@boot.oat --instruction-set=arm --instruction-set-features=div --base=0x6fcbf000 --runtime-arg -Xms64m --runtime-arg -Xmx64m --image-classes=/system/etc/preloaded-classes
E/cutils-trace(  344): Error opening trace file: No such file or directory (2)
I/dex2oat (  344): /system/bin/dex2oat --image=/data/dalvik-cache/arm/system@framework@boot.art --dex-file=/system/framework/core-libart.jar --dex-file=/system/framework/conscrypt.jar --dex-file=/system/framework/okhttp.jar --dex-file=/system/framework/core-junit.jar --dex-file=/system/framework/bouncycastle.jar --dex-file=/system/framework/ext.jar --dex-file=/system/framework/framework.jar --dex-file=/system/framework/telephony-common.jar --dex-file=/system/framework/voip-common.jar --dex-file=/system/framework/ims-common.jar --dex-file=/system/framework/mms-common.jar --dex-file=/system/framework/android.policy.jar --dex-file=/system/framework/apache-xml.jar --oat-file=/data/dalvik-cache/arm/system@framework@boot.oat --instruction-set=arm --instruction-set-features=div --base=0x6fcbf000 --runtime-arg -Xms64m --runtime-arg -Xmx64m --image-classes=/system/etc/preloaded-classes
I/DEBUG   (  141): 
I/DEBUG   (  141): Tombstone written to: /data/tombstones/tombstone_05
I/ServiceManager(  132): service 'media.audio_flinger' died
I/dex2oat (  302): Explicit concurrent mark sweep GC freed 43994(5MB) AllocSpace objects, 0(0B) LOS objects, 15% free, 21MB/25MB, paused 320us total 214.484ms
E/sdcard  (  152): missing packages.list; retrying
I/Netd    (  355): Netd 1.0 starting
E/Netd    (  355): Failed to open /proc/sys/net/ipv6/conf/default/accept_ra_rt_table: No such file or directory
E/Netd    (  355): Failed to open /proc/sys/net/ipv6/conf/ccmni0/accept_ra_rt_table: No such file or directory
E/Netd    (  355): Failed to open /proc/sys/net/ipv6/conf/ccmni1/accept_ra_rt_table: No such file or directory
E/Netd    (  355): Failed to open /proc/sys/net/ipv6/conf/ccmni2/accept_ra_rt_table: No such file or directory
E/Netd    (  355): Failed to open /proc/sys/net/ipv6/conf/ifb0/accept_ra_rt_table: No such file or directory
E/Netd    (  355): Failed to open /proc/sys/net/ipv6/conf/ifb1/accept_ra_rt_table: No such file or directory
E/Netd    (  355): Failed to open /proc/sys/net/ipv6/conf/ip6tnl0/accept_ra_rt_table: No such file or directory
E/Netd    (  355): Failed to open /proc/sys/net/ipv6/conf/lo/accept_ra_rt_table: No such file or directory
E/Netd    (  355): Failed to open /proc/sys/net/ipv6/conf/sit0/accept_ra_rt_table: No such file or directory
E/Netd    (  355): Failed to open /proc/sys/net/ipv6/conf/tunl0/accept_ra_rt_table: No such file or directory
E/Netd    (  355): Failed to open /proc/sys/net/ipv6/conf/default/use_optimistic: No such file or directory
E/Netd    (  355): Failed to open /proc/sys/net/ipv6/conf/ccmni0/use_optimistic: No such file or directory
E/Netd    (  355): Failed to open /proc/sys/net/ipv6/conf/ccmni1/use_optimistic: No such file or directory
E/Netd    (  355): Failed to open /proc/sys/net/ipv6/conf/ccmni2/use_optimistic: No such file or directory
E/Netd    (  355): Failed to open /proc/sys/net/ipv6/conf/ifb0/use_optimistic: No such file or directory
E/Netd    (  355): Failed to open /proc/sys/net/ipv6/conf/ifb1/use_optimistic: No such file or directory
E/Netd    (  355): Failed to open /proc/sys/net/ipv6/conf/ip6tnl0/use_optimistic: No such file or directory
E/Netd    (  355): Failed to open /proc/sys/net/ipv6/conf/lo/use_optimistic: No such file or directory
E/Netd    (  355): Failed to open /proc/sys/net/ipv6/conf/sit0/use_optimistic: No such file or directory
E/Netd    (  355): Failed to open /proc/sys/net/ipv6/conf/tunl0/use_optimistic: No such file or directory
I/SurfaceFlinger(  356): SurfaceFlinger is starting
I/SurfaceFlinger(  356): SurfaceFlinger's main thread ready to run. Initializing graphics H/W...
E/libEGL  (  356): load_driver(/system/lib/egl/libEGL_mali.so): dlopen failed: cannot locate symbol "_ZN7android11BufferQueueC1ERKNS_2spINS_19IGraphicBufferAllocEEE" referenced by "libMali.so"...
F/libEGL  (  356): couldn't find an OpenGL ES implementation
F/libc    (  356): Fatal signal 6 (SIGABRT), code -6 in tid 356 (surfaceflinger)
I/DEBUG   (  141): property debug.db.uid not set; NOT waiting for gdb.
I/DEBUG   (  141): HINT: adb shell setprop debug.db.uid 100000
I/DEBUG   (  141): HINT: adb forward tcp:5039 tcp:5039
I/DEBUG   (  141): *** *** *** *** *** *** *** *** *** *** *** *** *** *** *** ***
I/DEBUG   (  141): Build fingerprint: 'wender/cm_alcatelc7/alcatelc7:5.1.1/LMY48G/e4054c4ea7:userdebug/test-keys'
I/DEBUG   (  141): Revision: '0'
I/DEBUG   (  141): ABI: 'arm'
I/DEBUG   (  141): pid: 356, tid: 356, name: surfaceflinger  >>> /system/bin/surfaceflinger <<<
I/DEBUG   (  141): signal 6 (SIGABRT), code -6 (SI_TKILL), fault addr --------
I/DEBUG   (  141): Abort message: 'couldn't find an OpenGL ES implementation'
I/DEBUG   (  141):     r0 00000000  r1 00000164  r2 00000006  r3 00000000
I/DEBUG   (  141):     r4 b6f47e38  r5 00000006  r6 00000002  r7 0000010c
I/DEBUG   (  141):     r8 b6082000  r9 00000000  sl 00000000  fp be924a2c
I/DEBUG   (  141):     ip 00000164  sp be924498  lr b6ea1e35  pc b6ec5480  cpsr 600d0010
I/DEBUG   (  141): 
I/DEBUG   (  141): backtrace:
I/DEBUG   (  141):     #00 pc 00038480  /system/lib/libc.so (tgkill+12)
I/DEBUG   (  141):     #01 pc 00014e31  /system/lib/libc.so (pthread_kill+52)
I/DEBUG   (  141):     #02 pc 00015b8b  /system/lib/libc.so (raise+10)
I/DEBUG   (  141):     #03 pc 00012205  /system/lib/libc.so (__libc_android_abort+36)
I/DEBUG   (  141):     #04 pc 0001003c  /system/lib/libc.so (abort+4)
I/DEBUG   (  141):     #05 pc 00007819  /system/lib/libcutils.so (__android_log_assert+88)
I/DEBUG   (  141):     #06 pc 00042fb9  /system/lib/libEGL.so
I/DEBUG   (  141):     #07 pc 00010439  /system/lib/libEGL.so
I/DEBUG   (  141):     #08 pc 00010c19  /system/lib/libEGL.so (eglGetDisplay+24)
I/DEBUG   (  141):     #09 pc 000194ff  /system/lib/libsurfaceflinger.so (android::SurfaceFlinger::init()+70)
I/DEBUG   (  141):     #10 pc 00000af1  /system/bin/surfaceflinger
I/DEBUG   (  141):     #11 pc 0000fef9  /system/lib/libc.so (__libc_init+44)
I/DEBUG   (  141):     #12 pc 00000c08  /system/bin/surfaceflinger
I/DEBUG   (  141): 
I/DEBUG   (  141): Tombstone written to: /data/tombstones/tombstone_06
I/mediaserver(  357): ServiceManager: 0xb58700c0
I/AudioFlinger(  357): Using default 3000 mSec as standby time.
I/ServiceManager(  132): service 'media.audio_flinger' died
E/sdcard  (  152): missing packages.list; retrying
I/dex2oat (  302): Method exceeds compiler instruction limit: 21296 in void org.ccil.cowan.tagsoup.HTMLSchema.<init>()
W/dex2oat (  302): Compilation of boolean android.app.ActivityManagerNative.onTransact(int, android.os.Parcel, android.os.Parcel, int) took 189.710ms
E/sdcard  (  152): missing packages.list; retrying
I/Netd    (  372): Netd 1.0 starting
E/Netd    (  372): Failed to open /proc/sys/net/ipv6/conf/default/accept_ra_rt_table: No such file or directory
E/Netd    (  372): Failed to open /proc/sys/net/ipv6/conf/ccmni0/accept_ra_rt_table: No such file or directory
E/Netd    (  372): Failed to open /proc/sys/net/ipv6/conf/ccmni1/accept_ra_rt_table: No such file or directory
E/Netd    (  372): Failed to open /proc/sys/net/ipv6/conf/ccmni2/accept_ra_rt_table: No such file or directory
E/Netd    (  372): Failed to open /proc/sys/net/ipv6/conf/ifb0/accept_ra_rt_table: No such file or directory
E/Netd    (  372): Failed to open /proc/sys/net/ipv6/conf/ifb1/accept_ra_rt_table: No such file or directory
E/Netd    (  372): Failed to open /proc/sys/net/ipv6/conf/ip6tnl0/accept_ra_rt_table: No such file or directory
E/Netd    (  372): Failed to open /proc/sys/net/ipv6/conf/lo/accept_ra_rt_table: No such file or directory
E/Netd    (  372): Failed to open /proc/sys/net/ipv6/conf/sit0/accept_ra_rt_table: No such file or directory
E/Netd    (  372): Failed to open /proc/sys/net/ipv6/conf/tunl0/accept_ra_rt_table: No such file or directory
E/Netd    (  372): Failed to open /proc/sys/net/ipv6/conf/default/use_optimistic: No such file or directory
E/Netd    (  372): Failed to open /proc/sys/net/ipv6/conf/ccmni0/use_optimistic: No such file or directory
E/Netd    (  372): Failed to open /proc/sys/net/ipv6/conf/ccmni1/use_optimistic: No such file or directory
E/Netd    (  372): Failed to open /proc/sys/net/ipv6/conf/ccmni2/use_optimistic: No such file or directory
E/Netd    (  372): Failed to open /proc/sys/net/ipv6/conf/ifb0/use_optimistic: No such file or directory
E/Netd    (  372): Failed to open /proc/sys/net/ipv6/conf/ifb1/use_optimistic: No such file or directory
E/Netd    (  372): Failed to open /proc/sys/net/ipv6/conf/ip6tnl0/use_optimistic: No such file or directory
E/Netd    (  372): Failed to open /proc/sys/net/ipv6/conf/lo/use_optimistic: No such file or directory
E/Netd    (  372): Failed to open /proc/sys/net/ipv6/conf/sit0/use_optimistic: No such file or directory
E/Netd    (  372): Failed to open /proc/sys/net/ipv6/conf/tunl0/use_optimistic: No such file or directory
I/SurfaceFlinger(  373): SurfaceFlinger is starting
I/SurfaceFlinger(  373): SurfaceFlinger's main thread ready to run. Initializing graphics H/W...
E/libEGL  (  373): load_driver(/system/lib/egl/libEGL_mali.so): dlopen failed: cannot locate symbol "_ZN7android11BufferQueueC1ERKNS_2spINS_19IGraphicBufferAllocEEE" referenced by "libMali.so"...
F/libEGL  (  373): couldn't find an OpenGL ES implementation
F/libc    (  373): Fatal signal 6 (SIGABRT), code -6 in tid 373 (surfaceflinger)
I/DEBUG   (  141): property debug.db.uid not set; NOT waiting for gdb.
I/DEBUG   (  141): HINT: adb shell setprop debug.db.uid 100000
I/DEBUG   (  141): HINT: adb forward tcp:5039 tcp:5039
I/DEBUG   (  141): *** *** *** *** *** *** *** *** *** *** *** *** *** *** *** ***
I/DEBUG   (  141): Build fingerprint: 'wender/cm_alcatelc7/alcatelc7:5.1.1/LMY48G/e4054c4ea7:userdebug/test-keys'
I/DEBUG   (  141): Revision: '0'
I/DEBUG   (  141): ABI: 'arm'
I/DEBUG   (  141): pid: 373, tid: 373, name: surfaceflinger  >>> /system/bin/surfaceflinger <<<
I/DEBUG   (  141): signal 6 (SIGABRT), code -6 (SI_TKILL), fault addr --------
I/DEBUG   (  141): Abort message: 'couldn't find an OpenGL ES implementation'
I/DEBUG   (  141):     r0 00000000  r1 00000175  r2 00000006  r3 00000000
I/DEBUG   (  141):     r4 b6f2ce38  r5 00000006  r6 00000002  r7 0000010c
I/DEBUG   (  141):     r8 b6082000  r9 00000000  sl 00000000  fp befa4a2c
I/DEBUG   (  141):     ip 00000175  sp befa4498  lr b6e86e35  pc b6eaa480  cpsr 600d0010
I/DEBUG   (  141): 
I/DEBUG   (  141): backtrace:
I/DEBUG   (  141):     #00 pc 00038480  /system/lib/libc.so (tgkill+12)
I/DEBUG   (  141):     #01 pc 00014e31  /system/lib/libc.so (pthread_kill+52)
I/DEBUG   (  141):     #02 pc 00015b8b  /system/lib/libc.so (raise+10)
I/DEBUG   (  141):     #03 pc 00012205  /system/lib/libc.so (__libc_android_abort+36)
I/DEBUG   (  141):     #04 pc 0001003c  /system/lib/libc.so (abort+4)
I/DEBUG   (  141):     #05 pc 00007819  /system/lib/libcutils.so (__android_log_assert+88)
I/DEBUG   (  141):     #06 pc 00042fb9  /system/lib/libEGL.so
I/DEBUG   (  141):     #07 pc 00010439  /system/lib/libEGL.so
I/DEBUG   (  141):     #08 pc 00010c19  /system/lib/libEGL.so (eglGetDisplay+24)
I/DEBUG   (  141):     #09 pc 000194ff  /system/lib/libsurfaceflinger.so (android::SurfaceFlinger::init()+70)
I/DEBUG   (  141):     #10 pc 00000af1  /system/bin/surfaceflinger
I/DEBUG   (  141):     #11 pc 0000fef9  /system/lib/libc.so (__libc_init+44)
I/DEBUG   (  141):     #12 pc 00000c08  /system/bin/surfaceflinger
I/DEBUG   (  141): 
I/DEBUG   (  141): Tombstone written to: /data/tombstones/tombstone_07
E/sdcard  (  152): missing packages.list; retrying
W/dex2oat (  302): Compilation of void android.os.BatteryStats.dumpLocked(android.content.Context, java.io.PrintWriter, java.lang.String, int, int, boolean) took 130.797ms
E/sdcard  (  152): missing packages.list; retrying
I/Netd    (  389): Netd 1.0 starting
E/Netd    (  389): Failed to open /proc/sys/net/ipv6/conf/default/accept_ra_rt_table: No such file or directory
E/Netd    (  389): Failed to open /proc/sys/net/ipv6/conf/ccmni0/accept_ra_rt_table: No such file or directory
E/Netd    (  389): Failed to open /proc/sys/net/ipv6/conf/ccmni1/accept_ra_rt_table: No such file or directory
E/Netd    (  389): Failed to open /proc/sys/net/ipv6/conf/ccmni2/accept_ra_rt_table: No such file or directory
E/Netd    (  389): Failed to open /proc/sys/net/ipv6/conf/ifb0/accept_ra_rt_table: No such file or directory
E/Netd    (  389): Failed to open /proc/sys/net/ipv6/conf/ifb1/accept_ra_rt_table: No such file or directory
E/Netd    (  389): Failed to open /proc/sys/net/ipv6/conf/ip6tnl0/accept_ra_rt_table: No such file or directory
E/Netd    (  389): Failed to open /proc/sys/net/ipv6/conf/lo/accept_ra_rt_table: No such file or directory
E/Netd    (  389): Failed to open /proc/sys/net/ipv6/conf/sit0/accept_ra_rt_table: No such file or directory
E/Netd    (  389): Failed to open /proc/sys/net/ipv6/conf/tunl0/accept_ra_rt_table: No such file or directory
E/Netd    (  389): Failed to open /proc/sys/net/ipv6/conf/default/use_optimistic: No such file or directory
E/Netd    (  389): Failed to open /proc/sys/net/ipv6/conf/ccmni0/use_optimistic: No such file or directory
E/Netd    (  389): Failed to open /proc/sys/net/ipv6/conf/ccmni1/use_optimistic: No such file or directory
E/Netd    (  389): Failed to open /proc/sys/net/ipv6/conf/ccmni2/use_optimistic: No such file or directory
E/Netd    (  389): Failed to open /proc/sys/net/ipv6/conf/ifb0/use_optimistic: No such file or directory
E/Netd    (  389): Failed to open /proc/sys/net/ipv6/conf/ifb1/use_optimistic: No such file or directory
E/Netd    (  389): Failed to open /proc/sys/net/ipv6/conf/ip6tnl0/use_optimistic: No such file or directory
E/Netd    (  389): Failed to open /proc/sys/net/ipv6/conf/lo/use_optimistic: No such file or directory
E/Netd    (  389): Failed to open /proc/sys/net/ipv6/conf/sit0/use_optimistic: No such file or directory
E/Netd    (  389): Failed to open /proc/sys/net/ipv6/conf/tunl0/use_optimistic: No such file or directory
I/SurfaceFlinger(  390): SurfaceFlinger is starting
I/SurfaceFlinger(  390): SurfaceFlinger's main thread ready to run. Initializing graphics H/W...
E/libEGL  (  390): load_driver(/system/lib/egl/libEGL_mali.so): dlopen failed: cannot locate symbol "_ZN7android11BufferQueueC1ERKNS_2spINS_19IGraphicBufferAllocEEE" referenced by "libMali.so"...
F/libEGL  (  390): couldn't find an OpenGL ES implementation
F/libc    (  390): Fatal signal 6 (SIGABRT), code -6 in tid 390 (surfaceflinger)
I/DEBUG   (  141): property debug.db.uid not set; NOT waiting for gdb.
I/DEBUG   (  141): HINT: adb shell setprop debug.db.uid 100000
I/DEBUG   (  141): HINT: adb forward tcp:5039 tcp:5039
I/DEBUG   (  141): *** *** *** *** *** *** *** *** *** *** *** *** *** *** *** ***
I/DEBUG   (  141): Build fingerprint: 'wender/cm_alcatelc7/alcatelc7:5.1.1/LMY48G/e4054c4ea7:userdebug/test-keys'
I/DEBUG   (  141): Revision: '0'
I/DEBUG   (  141): ABI: 'arm'
I/DEBUG   (  141): pid: 390, tid: 390, name: surfaceflinger  >>> /system/bin/surfaceflinger <<<
I/DEBUG   (  141): signal 6 (SIGABRT), code -6 (SI_TKILL), fault addr --------
I/DEBUG   (  141): Abort message: 'couldn't find an OpenGL ES implementation'
I/DEBUG   (  141):     r0 00000000  r1 00000186  r2 00000006  r3 00000000
I/DEBUG   (  141):     r4 b6f24e38  r5 00000006  r6 00000002  r7 0000010c
I/DEBUG   (  141):     r8 b6082000  r9 00000000  sl 00000000  fp bec21a2c
I/DEBUG   (  141):     ip 00000186  sp bec21498  lr b6e7ee35  pc b6ea2480  cpsr 600d0010
I/DEBUG   (  141): 
I/DEBUG   (  141): backtrace:
I/DEBUG   (  141):     #00 pc 00038480  /system/lib/libc.so (tgkill+12)
I/DEBUG   (  141):     #01 pc 00014e31  /system/lib/libc.so (pthread_kill+52)
I/DEBUG   (  141):     #02 pc 00015b8b  /system/lib/libc.so (raise+10)
I/DEBUG   (  141):     #03 pc 00012205  /system/lib/libc.so (__libc_android_abort+36)
I/DEBUG   (  141):     #04 pc 0001003c  /system/lib/libc.so (abort+4)
I/DEBUG   (  141):     #05 pc 00007819  /system/lib/libcutils.so (__android_log_assert+88)
I/DEBUG   (  141):     #06 pc 00042fb9  /system/lib/libEGL.so
I/DEBUG   (  141):     #07 pc 00010439  /system/lib/libEGL.so
I/DEBUG   (  141):     #08 pc 00010c19  /system/lib/libEGL.so (eglGetDisplay+24)
I/DEBUG   (  141):     #09 pc 000194ff  /system/lib/libsurfaceflinger.so (android::SurfaceFlinger::init()+70)
I/DEBUG   (  141):     #10 pc 00000af1  /system/bin/surfaceflinger
I/DEBUG   (  141):     #11 pc 0000fef9  /system/lib/libc.so (__libc_init+44)
I/DEBUG   (  141):     #12 pc 00000c08  /system/bin/surfaceflinger
I/DEBUG   (  141): 
I/DEBUG   (  141): Tombstone written to: /data/tombstones/tombstone_08
I/dex2oat (  344): Explicit concurrent mark sweep GC freed 42216(5MB) AllocSpace objects, 0(0B) LOS objects, 15% free, 21MB/25MB, paused 369us total 289.354ms
